state 16 contains 1 shift/reduce conflicts
state 22 contains 1 shift/reduce conflicts


-------- Grammar --------

rule 1 pgn_database: 
rule 2 pgn_database: pgn_database pgn_game
rule 3 pgn_game: tag_section movetext_section
rule 4 tag_section: 
rule 5 tag_section: tag_section tag_pair
rule 6 tag_pair: "[" TAG_NAME STRING "]"
rule 7 movetext_section: element_sequence GAME_TERMINATION
rule 8 element_sequence: 
rule 9 element_sequence: element_sequence element
rule 10 element: MOVE_NUMBER
rule 11 element: san_move_annotated
rule 12 element: san_move_annotated variation_list
rule 13 element: COMMENT
rule 14 san_move_annotated: SAN_MOVE
rule 15 san_move_annotated: SAN_MOVE COMMENT
rule 16 san_move_annotated: SAN_MOVE annotation_list
rule 17 san_move_annotated: SAN_MOVE annotation_list COMMENT
rule 18 san_move_annotated: SAN_MOVE COMMENT annotation_list
rule 19 annotation_list: NAG
rule 20 annotation_list: annotation_list NAG
rule 21 variation_list: variation
rule 22 variation_list: variation_list variation
rule 23 variation: "(" element_sequence ")"

------- Symbols -------

**Nonterminals, with rules where they appear

  $start (13)
    on right: 
    on left : 
  pgn_database (14)
    on right: 2
    on left : 1 2
  pgn_game (15)
    on right: 2
    on left : 3
  tag_section (16)
    on right: 3 5
    on left : 4 5
  movetext_section (17)
    on right: 3
    on left : 7
  tag_pair (18)
    on right: 5
    on left : 6
  element_sequence (19)
    on right: 7 9 23
    on left : 8 9
  element (20)
    on right: 9
    on left : 10 11 12 13
  san_move_annotated (21)
    on right: 11 12
    on left : 14 15 16 17 18
  variation_list (22)
    on right: 12 22
    on left : 21 22
  annotation_list (23)
    on right: 16 17 18 20
    on left : 19 20
  variation (24)
    on right: 21 22
    on left : 23

**Terminals, with rules where they appear

  $end (0) 
  error (1) 
  STRING (2) 6
  COMMENT (3) 13 15 17 18
  GAME_TERMINATION (4) 7
  SAN_MOVE (5) 14 15 16 17 18
  NAG (6) 19 20
  MOVE_NUMBER (7) 10
  TAG_NAME (8) 6
  "[" (9) 6
  "]" (10) 6
  "(" (11) 23
  ")" (12) 23

--------- State ---------

state 0


  $default      reduce using rule 1 (pgn_database)

  pgn_database  go to state 1

state 1

   2) pgn_database : pgn_database _ pgn_game

  $end          shift, and go to state 2
  $default      reduce using rule 4 (tag_section)

  pgn_game      go to state 3
  tag_section   go to state 4

state 2


  $end          shift, and go to state 5


state 3

   2) pgn_database : pgn_database pgn_game _

  $default      reduce using rule 2 (pgn_database)


state 4

   3) pgn_game : tag_section _ movetext_section
   5) tag_section : tag_section _ tag_pair

  "["           shift, and go to state 8
  $default      reduce using rule 8 (element_sequence)

  movetext_section  go to state 6
  tag_pair      go to state 7
  element_sequence  go to state 9

state 5


  $default      accept


state 6

   3) pgn_game : tag_section movetext_section _

  $default      reduce using rule 3 (pgn_game)


state 7

   5) tag_section : tag_section tag_pair _

  $default      reduce using rule 5 (tag_section)


state 8

   6) tag_pair : "[" _ TAG_NAME STRING "]"

  TAG_NAME      shift, and go to state 10


state 9

   7) movetext_section : element_sequence _ GAME_TERMINATION
   9) element_sequence : element_sequence _ element

  COMMENT       shift, and go to state 15
  GAME_TERMINATION  shift, and go to state 11
  SAN_MOVE      shift, and go to state 16
  MOVE_NUMBER   shift, and go to state 13

  element       go to state 12
  san_move_annotated  go to state 14

state 10

   6) tag_pair : "[" TAG_NAME _ STRING "]"

  STRING        shift, and go to state 17


state 11

   7) movetext_section : element_sequence GAME_TERMINATION _

  $default      reduce using rule 7 (movetext_section)


state 12

   9) element_sequence : element_sequence element _

  $default      reduce using rule 9 (element_sequence)


state 13

  10) element : MOVE_NUMBER _

  $default      reduce using rule 10 (element)


state 14

  11) element : san_move_annotated _
  12) element : san_move_annotated _ variation_list

  "("           shift, and go to state 20
  $default      reduce using rule 11 (element)

  variation_list  go to state 18
  variation     go to state 19

state 15

  13) element : COMMENT _

  $default      reduce using rule 13 (element)


state 16

  14) san_move_annotated : SAN_MOVE _
  15) san_move_annotated : SAN_MOVE _ COMMENT
  16) san_move_annotated : SAN_MOVE _ annotation_list
  17) san_move_annotated : SAN_MOVE _ annotation_list COMMENT
  18) san_move_annotated : SAN_MOVE _ COMMENT annotation_list

  COMMENT       shift, and go to state 21
  COMMENT       [reduce using rule 14 (san_move_annotated)]
  NAG           shift, and go to state 23
  $default      reduce using rule 14 (san_move_annotated)

  annotation_list  go to state 22

state 17

   6) tag_pair : "[" TAG_NAME STRING _ "]"

  "]"           shift, and go to state 24


state 18

  12) element : san_move_annotated variation_list _
  22) variation_list : variation_list _ variation

  "("           shift, and go to state 20
  $default      reduce using rule 12 (element)

  variation     go to state 25

state 19

  21) variation_list : variation _

  $default      reduce using rule 21 (variation_list)


state 20

  23) variation : "(" _ element_sequence ")"

  $default      reduce using rule 8 (element_sequence)

  element_sequence  go to state 26

state 21

  15) san_move_annotated : SAN_MOVE COMMENT _
  18) san_move_annotated : SAN_MOVE COMMENT _ annotation_list

  NAG           shift, and go to state 23
  $default      reduce using rule 15 (san_move_annotated)

  annotation_list  go to state 27

state 22

  16) san_move_annotated : SAN_MOVE annotation_list _
  17) san_move_annotated : SAN_MOVE annotation_list _ COMMENT
  20) annotation_list : annotation_list _ NAG

  COMMENT       shift, and go to state 28
  COMMENT       [reduce using rule 16 (san_move_annotated)]
  NAG           shift, and go to state 29
  $default      reduce using rule 16 (san_move_annotated)


state 23

  19) annotation_list : NAG _

  $default      reduce using rule 19 (annotation_list)


state 24

   6) tag_pair : "[" TAG_NAME STRING "]" _

  $default      reduce using rule 6 (tag_pair)


state 25

  22) variation_list : variation_list variation _

  $default      reduce using rule 22 (variation_list)


state 26

   9) element_sequence : element_sequence _ element
  23) variation : "(" element_sequence _ ")"

  COMMENT       shift, and go to state 15
  SAN_MOVE      shift, and go to state 16
  MOVE_NUMBER   shift, and go to state 13
  ")"           shift, and go to state 30

  element       go to state 12
  san_move_annotated  go to state 14

state 27

  18) san_move_annotated : SAN_MOVE COMMENT annotation_list _
  20) annotation_list : annotation_list _ NAG

  NAG           shift, and go to state 29
  $default      reduce using rule 18 (san_move_annotated)


state 28

  17) san_move_annotated : SAN_MOVE annotation_list COMMENT _

  $default      reduce using rule 17 (san_move_annotated)


state 29

  20) annotation_list : annotation_list NAG _

  $default      reduce using rule 20 (annotation_list)


state 30

  23) variation : "(" element_sequence ")" _

  $default      reduce using rule 23 (variation)

